helllo World
C:\Users\Administrator\Desktop\git-repository>git add .\.gitignore

C:\Users\Administrator\Desktop\git-repository>git commit -m "add gitignore"
[master 9b5fd07] add gitignore
 2 files changed, 12 insertions(+)
 create mode 100644 .gitignore
 create mode 100644 hello.txt

C:\Users\Administrator\Desktop\git-repository>git status
On branch master
Your branch is ahead of 'origin/master' by 1 commit.
  (use "git push" to publish your local commits)

nothing to commit, working tree clean


C:\Users\Administrator\Desktop\git-repository>git push origin master
Counting objects: 17, done.
Delta compression using up to 8 threads.
Compressing objects: 100% (13/13), done.
Writing objects: 100% (17/17), 1.61 KiB | 550.00 KiB/s, done.
Total 17 (delta 4), reused 0 (delta 0)
remote: Resolving deltas: 100% (4/4), done.
To https://github.com/idlecomp/git-repository.git
   e765330..07e3c9b  master -> master