helllo World
C:\Users\Administrator\Desktop\git-repository>git add .\.gitignore

C:\Users\Administrator\Desktop\git-repository>git commit -m "add gitignore"
[master 9b5fd07] add gitignore
 2 files changed, 12 insertions(+)
 create mode 100644 .gitignore
 create mode 100644 hello.txt

C:\Users\Administrator\Desktop\git-repository>git status
On branch master
Your branch is ahead of 'origin/master' by 1 commit.
  (use "git push" to publish your local commits)

nothing to commit, working tree clean